[    0.000000] Linux version 4.15.0-118-generic (buildd@lgw01-amd64-039) (gcc version 7.5.0 (Ubuntu 7.5.0-3ubuntu1~18.04)) #119-Ubuntu SMP Tue Sep 8 12:30:01 UTC 2020 (Ubuntu 4.15.0-118.119-generic 4.15.18)
[    0.000000] Command line: BOOT_IMAGE=/boot/vmlinuz-4.15.0-118-generic root=LABEL=cloudimg-rootfs ro console=tty1 console=ttyS0
[    0.000000] KERNEL supported cpus:
[    0.000000]   Intel GenuineIntel
[    0.000000]   AMD AuthenticAMD
[    0.000000]   Centaur CentaurHauls
[    0.000000] x86/fpu: Supporting XSAVE feature 0x001: 'x87 floating point registers'
[    0.000000] x86/fpu: Supporting XSAVE feature 0x002: 'SSE registers'
[    0.000000] x86/fpu: Supporting XSAVE feature 0x004: 'AVX registers'
[    0.000000] x86/fpu: xstate_offset[2]:  576, xstate_sizes[2]:  256
[    0.000000] x86/fpu: Enabled xstate features 0x7, context size is 832 bytes, using 'standard' format.
[    0.000000] e820: BIOS-provided physical RAM map:
[    0.000000] BIOS-e820: [mem 0x0000000000000000-0x000000000009fbff] usable
[    0.000000] BIOS-e820: [mem 0x000000000009fc00-0x000000000009ffff] reserved
[    0.000000] BIOS-e820: [mem 0x00000000000f0000-0x00000000000fffff] reserved
[    0.000000] BIOS-e820: [mem 0x0000000000100000-0x000000003ffeffff] usable
[    0.000000] BIOS-e820: [mem 0x000000003fff0000-0x000000003fffffff] ACPI data
[    0.000000] BIOS-e820: [mem 0x00000000fec00000-0x00000000fec00fff] reserved
[    0.000000] BIOS-e820: [mem 0x00000000fee00000-0x00000000fee00fff] reserved
[    0.000000] BIOS-e820: [mem 0x00000000fffc0000-0x00000000ffffffff] reserved
[    0.000000] NX (Execute Disable) protection: active
[    0.000000] SMBIOS 2.5 present.
[    0.000000] DMI: innotek GmbH VirtualBox/VirtualBox, BIOS VirtualBox 12/01/2006
[    0.000000] Hypervisor detected: KVM
[    0.000000] e820: last_pfn = 0x3fff0 max_arch_pfn = 0x400000000
[    0.000000] MTRR: Disabled
[    0.000000] x86/PAT: MTRRs disabled, skipping PAT initialization too.
[    0.000000] CPU MTRRs all blank - virtualized system.
[    0.000000] x86/PAT: Configuration [0-7]: WB  WT  UC- UC  WB  WT  UC- UC  
[    0.000000] found SMP MP-table at [mem 0x0009fff0-0x0009ffff]
[    0.000000] Scanning 1 areas for low memory corruption
[    0.000000] RAMDISK: [mem 0x35a67000-0x36d2afff]
[    0.000000] ACPI: Early table checksum verification disabled
[    0.000000] ACPI: RSDP 0x00000000000E0000 000024 (v02 VBOX  )
[    0.000000] ACPI: XSDT 0x000000003FFF0030 00003C (v01 VBOX   VBOXXSDT 00000001 ASL  00000061)
[    0.000000] ACPI: FACP 0x000000003FFF00F0 0000F4 (v04 VBOX   VBOXFACP 00000001 ASL  00000061)
[    0.000000] ACPI: DSDT 0x000000003FFF0470 002325 (v02 VBOX   VBOXBIOS 00000002 INTL 20100528)
[    0.000000] ACPI: FACS 0x000000003FFF0200 000040
[    0.000000] ACPI: FACS 0x000000003FFF0200 000040
[    0.000000] ACPI: APIC 0x000000003FFF0240 00005C (v02 VBOX   VBOXAPIC 00000001 ASL  00000061)
[    0.000000] ACPI: SSDT 0x000000003FFF02A0 0001CC (v01 VBOX   VBOXCPUT 00000002 INTL 20100528)
[    0.000000] No NUMA configuration found
[    0.000000] Faking a node at [mem 0x0000000000000000-0x000000003ffeffff]
[    0.000000] NODE_DATA(0) allocated [mem 0x3ffc5000-0x3ffeffff]
[    0.000000] kvm-clock: cpu 0, msr 0:3ff44001, primary cpu clock
[    0.000000] kvm-clock: Using msrs 4b564d01 and 4b564d00
[    0.000000] kvm-clock: using sched offset of 5569898592 cycles
[    0.000000] clocksource: kvm-clock: mask: 0xffffffffffffffff max_cycles: 0x1cd42e4dffb, max_idle_ns: 881590591483 ns
[    0.000000] Zone ranges:
[    0.000000]   DMA      [mem 0x0000000000001000-0x0000000000ffffff]
[    0.000000]   DMA32    [mem 0x0000000001000000-0x000000003ffeffff]
[    0.000000]   Normal   empty
[    0.000000]   Device   empty
[    0.000000] Movable zone start for each node
[    0.000000] Early memory node ranges
[    0.000000]   node   0: [mem 0x0000000000001000-0x000000000009efff]
[    0.000000]   node   0: [mem 0x0000000000100000-0x000000003ffeffff]
[    0.000000] Reserved but unavailable: 98 pages
[    0.000000] Initmem setup node 0 [mem 0x0000000000001000-0x000000003ffeffff]
[    0.000000] ACPI: PM-Timer IO Port: 0x4008
[    0.000000] IOAPIC[0]: apic_id 2, version 32, address 0xfec00000, GSI 0-23
[    0.000000] ACPI: INT_SRC_OVR (bus 0 bus_irq 0 global_irq 2 dfl dfl)
[    0.000000] ACPI: INT_SRC_OVR (bus 0 bus_irq 9 global_irq 9 low level)
[    0.000000] Using ACPI (MADT) for SMP configuration information
[    0.000000] smpboot: Allowing 2 CPUs, 0 hotplug CPUs
[    0.000000] PM: Registered nosave memory: [mem 0x00000000-0x00000fff]
[    0.000000] PM: Registered nosave memory: [mem 0x0009f000-0x0009ffff]
[    0.000000] PM: Registered nosave memory: [mem 0x000a0000-0x000effff]
[    0.000000] PM: Registered nosave memory: [mem 0x000f0000-0x000fffff]
[    0.000000] e820: [mem 0x40000000-0xfebfffff] available for PCI devices
[    0.000000] Booting paravirtualized kernel on KVM
[    0.000000] clocksource: refined-jiffies: mask: 0xffffffff max_cycles: 0xffffffff, max_idle_ns: 7645519600211568 ns
[    0.000000] random: get_random_bytes called from start_kernel+0x99/0x500 with crng_init=0
[    0.000000] setup_percpu: NR_CPUS:8192 nr_cpumask_bits:2 nr_cpu_ids:2 nr_node_ids:1
[    0.000000] percpu: Embedded 45 pages/cpu s147456 r8192 d28672 u1048576
[    0.000000] PV qspinlock hash table entries: 256 (order: 0, 4096 bytes)
[    0.000000] Built 1 zonelists, mobility grouping on.  Total pages: 257913
[    0.000000] Policy zone: DMA32
[    0.000000] Kernel command line: BOOT_IMAGE=/boot/vmlinuz-4.15.0-118-generic root=LABEL=cloudimg-rootfs ro console=tty1 console=ttyS0
[    0.000000] Memory: 983032K/1048120K available (12300K kernel code, 2482K rwdata, 4272K rodata, 2436K init, 2724K bss, 65088K reserved, 0K cma-reserved)
[    0.000000] SLUB: HWalign=64, Order=0-3, MinObjects=0, CPUs=2, Nodes=1
[    0.000000] Kernel/User page tables isolation: enabled
[    0.000000] ftrace: allocating 39396 entries in 154 pages
[    0.004000] Hierarchical RCU implementation.
[    0.004000] 	RCU restricting CPUs from NR_CPUS=8192 to nr_cpu_ids=2.
[    0.004000] 	Tasks RCU enabled.
[    0.004000] RCU: Adjusting geometry for rcu_fanout_leaf=16, nr_cpu_ids=2
[    0.004000] NR_IRQS: 524544, nr_irqs: 440, preallocated irqs: 16
[    0.004000] Console: colour VGA+ 80x25
[    0.004000] console [tty1] enabled
[    0.004000] console [ttyS0] enabled
[    0.004000] ACPI: Core revision 20170831
[    0.004000] ACPI: 2 ACPI AML tables successfully acquired and loaded
[    0.004000] APIC: Switch to symmetric I/O mode setup
[    0.004000] x2apic enabled
[    0.004000] Switched APIC routing to physical x2apic.
[    0.007780] ..TIMER: vector=0x30 apic1=0 pin1=2 apic2=-1 pin2=-1
[    0.008003] tsc: Detected 3591.680 MHz processor
[    0.009247] Calibrating delay loop (skipped) preset value.. 7183.36 BogoMIPS (lpj=14366720)
[    0.012003] pid_max: default: 32768 minimum: 301
[    0.013310] Security Framework initialized
[    0.014450] Yama: becoming mindful.
[    0.016032] AppArmor: AppArmor initialized
[    0.020000] Dentry cache hash table entries: 131072 (order: 8, 1048576 bytes)
[    0.020104] Inode-cache hash table entries: 65536 (order: 7, 524288 bytes)
[    0.021878] Mount-cache hash table entries: 2048 (order: 2, 16384 bytes)
[    0.024008] Mountpoint-cache hash table entries: 2048 (order: 2, 16384 bytes)
[    0.026246] Last level iTLB entries: 4KB 1024, 2MB 1024, 4MB 1024
[    0.028003] Last level dTLB entries: 4KB 1024, 2MB 1024, 4MB 1024, 1GB 4
[    0.029684] Spectre V1 : Mitigation: usercopy/swapgs barriers and __user pointer sanitization
[    0.032008] Spectre V2 : Mitigation: Full generic retpoline
[    0.033482] Spectre V2 : Spectre v2 / SpectreRSB mitigation: Filling RSB on context switch
[    0.036003] Speculative Store Bypass: Vulnerable
[    0.037294] SRBDS: Unknown: Dependent on hypervisor status
[    0.038720] MDS: Mitigation: Clear CPU buffers
[    0.040000] Freeing SMP alternatives memory: 36K
[    0.152548] smpboot: CPU0: Intel(R) Core(TM) i7-4790 CPU @ 3.60GHz (family: 0x6, model: 0x3c, stepping: 0x3)
[    0.155835] Performance Events: unsupported p6 CPU model 60 no PMU driver, software events only.
[    0.156053] Hierarchical SRCU implementation.
[    0.160374] NMI watchdog: Perf event create on CPU 0 failed with -2
[    0.162368] NMI watchdog: Perf NMI watchdog permanently disabled
[    0.164000] smp: Bringing up secondary CPUs ...
[    0.164260] x86: Booting SMP configuration:
[    0.168006] .... node  #0, CPUs:      #1
[    0.004000] kvm-clock: cpu 1, msr 0:3ff44041, secondary cpu clock
[    0.172024] smp: Brought up 1 node, 2 CPUs
[    0.173254] smpboot: Max logical packages: 1
[    0.174455] smpboot: Total of 2 processors activated (14366.72 BogoMIPS)
[    0.176233] devtmpfs: initialized
[    0.177103] x86/mm: Memory block size: 128MB
[    0.180437] evm: security.selinux
[    0.181456] evm: security.SMACK64
[    0.182472] evm: security.SMACK64EXEC
[    0.183517] evm: security.SMACK64TRANSMUTE
[    0.184006] evm: security.SMACK64MMAP
[    0.185052] evm: security.apparmor
[    0.186026] evm: security.ima
[    0.186905] evm: security.capability
[    0.188188] clocksource: jiffies: mask: 0xffffffff max_cycles: 0xffffffff, max_idle_ns: 7645041785100000 ns
[    0.190533] futex hash table entries: 512 (order: 3, 32768 bytes)
[    0.196034] pinctrl core: initialized pinctrl subsystem
[    0.197701] RTC time:  1:46:56, date: 10/07/20
[    0.200204] NET: Registered protocol family 16
[    0.201818] audit: initializing netlink subsys (disabled)
[    0.203320] audit: type=2000 audit(1602035223.321:1): state=initialized audit_enabled=0 res=1
[    0.204204] cpuidle: using governor ladder
[    0.205292] cpuidle: using governor menu
[    0.208135] ACPI: bus type PCI registered
[    0.209324] acpiphp: ACPI Hot Plug PCI Controller Driver version: 0.5
[    0.211175] PCI: Using configuration type 1 for base access
[    0.216076] HugeTLB registered 2.00 MiB page size, pre-allocated 0 pages
[    0.216087] ACPI: Added _OSI(Module Device)
[    0.217324] ACPI: Added _OSI(Processor Device)
[    0.220004] ACPI: Added _OSI(3.0 _SCP Extensions)
[    0.221397] ACPI: Added _OSI(Processor Aggregator Device)
[    0.224011] ACPI: Added _OSI(Linux-Dell-Video)
[    0.224011] ACPI: Added _OSI(Linux-Lenovo-NV-HDMI-Audio)
[    0.225561] ACPI: Added _OSI(Linux-HPI-Hybrid-Graphics)
[    0.228575] ACPI: Executed 1 blocks of module-level executable AML code
[    0.241361] ACPI: Interpreter enabled
[    0.242502] ACPI: (supports S0 S5)
[    0.243533] ACPI: Using IOAPIC for interrupt routing
[    0.244795] PCI: Using host bridge windows from ACPI; if necessary, use "pci=nocrs" and report a bug
[    0.248409] ACPI: Enabled 2 GPEs in block 00 to 07
[    0.266506] ACPI: PCI Root Bridge [PCI0] (domain 0000 [bus 00-ff])
[    0.268010] acpi PNP0A03:00: _OSC: OS supports [ASPM ClockPM Segments MSI]
[    0.272050] acpi PNP0A03:00: _OSC: not requesting OS control; OS requires [ExtendedConfig ASPM ClockPM MSI]
[    0.274710] acpi PNP0A03:00: fail to add MMCONFIG information, can't access extended PCI configuration space under this bridge.
[    0.276826] PCI host bridge to bus 0000:00
[    0.280008] pci_bus 0000:00: root bus resource [io  0x0000-0x0cf7 window]
[    0.281862] pci_bus 0000:00: root bus resource [io  0x0d00-0xffff window]
[    0.283610] pci_bus 0000:00: root bus resource [mem 0x000a0000-0x000bffff window]
[    0.284004] pci_bus 0000:00: root bus resource [mem 0x40000000-0xfdffffff window]
[    0.286041] pci_bus 0000:00: root bus resource [bus 00-ff]
[    0.292375] pci 0000:00:01.1: legacy IDE quirk: reg 0x10: [io  0x01f0-0x01f7]
[    0.294159] pci 0000:00:01.1: legacy IDE quirk: reg 0x14: [io  0x03f6]
[    0.296000] pci 0000:00:01.1: legacy IDE quirk: reg 0x18: [io  0x0170-0x0177]
[    0.300008] pci 0000:00:01.1: legacy IDE quirk: reg 0x1c: [io  0x0376]
[    0.320415] pci 0000:00:07.0: quirk: [io  0x4000-0x403f] claimed by PIIX4 ACPI
[    0.322496] pci 0000:00:07.0: quirk: [io  0x4100-0x410f] claimed by PIIX4 SMB
[    0.338850] ACPI: PCI Interrupt Link [LNKA] (IRQs 5 9 10 *11)
[    0.340852] ACPI: PCI Interrupt Link [LNKB] (IRQs 5 9 *10 11)
[    0.342635] ACPI: PCI Interrupt Link [LNKC] (IRQs 5 *9 10 11)
[    0.344217] ACPI: PCI Interrupt Link [LNKD] (IRQs 5 9 10 *11)
[    0.346465] SCSI subsystem initialized
[    0.348100] pci 0000:00:02.0: vgaarb: setting as boot VGA device
[    0.349751] pci 0000:00:02.0: vgaarb: VGA device added: decodes=io+mem,owns=io+mem,locks=none
[    0.352000] pci 0000:00:02.0: vgaarb: bridge control possible
[    0.352003] vgaarb: loaded
[    0.352969] ACPI: bus type USB registered
[    0.356043] usbcore: registered new interface driver usbfs
[    0.357536] usbcore: registered new interface driver hub
[    0.359042] usbcore: registered new device driver usb
[    0.360056] EDAC MC: Ver: 3.0.0
[    0.364046] PCI: Using ACPI for IRQ routing
[    0.364469] NetLabel: Initializing
[    0.365530] NetLabel:  domain hash size = 128
[    0.366751] NetLabel:  protocols = UNLABELED CIPSOv4 CALIPSO
[    0.368029] NetLabel:  unlabeled traffic allowed by default
[    0.369645] clocksource: Switched to clocksource kvm-clock
[    0.406013] VFS: Disk quotas dquot_6.6.0
[    0.407244] VFS: Dquot-cache hash table entries: 512 (order 0, 4096 bytes)
[    0.409502] AppArmor: AppArmor Filesystem Enabled
[    0.411486] pnp: PnP ACPI init
[    0.415777] pnp: PnP ACPI: found 3 devices
[    0.424912] clocksource: acpi_pm: mask: 0xffffff max_cycles: 0xffffff, max_idle_ns: 2085701024 ns
[    0.428043] NET: Registered protocol family 2
[    0.429691] TCP established hash table entries: 8192 (order: 4, 65536 bytes)
[    0.431583] TCP bind hash table entries: 8192 (order: 5, 131072 bytes)
[    0.436685] TCP: Hash tables configured (established 8192 bind 8192)
[    0.438520] UDP hash table entries: 512 (order: 2, 16384 bytes)
[    0.440112] UDP-Lite hash table entries: 512 (order: 2, 16384 bytes)
[    0.441994] NET: Registered protocol family 1
[    0.443328] pci 0000:00:00.0: Limiting direct PCI/PCI transfers
[    0.445196] pci 0000:00:01.0: Activating ISA DMA hang workarounds
[    0.447408] pci 0000:00:02.0: Video device with shadowed ROM at [mem 0x000c0000-0x000dffff]
[    0.450105] Unpacking initramfs...
[    1.047567] Freeing initrd memory: 19216K
[    1.048968] clocksource: tsc: mask: 0xffffffffffffffff max_cycles: 0x33c5a00cda5, max_idle_ns: 440795322483 ns
[    1.051607] platform rtc_cmos: registered platform RTC device (no PNP device found)
[    1.053872] Scanning for low memory corruption every 60 seconds
[    1.055939] Initialise system trusted keyrings
[    1.057326] Key type blacklist registered
[    1.058723] workingset: timestamp_bits=36 max_order=18 bucket_order=0
[    1.062879] zbud: loaded
[    1.064726] squashfs: version 4.0 (2009/01/31) Phillip Lougher
[    1.066499] fuse init (API version 7.26)
[    1.069849] Key type asymmetric registered
[    1.071031] Asymmetric key parser 'x509' registered
[    1.072397] Block layer SCSI generic (bsg) driver version 0.4 loaded (major 246)
[    1.074560] io scheduler noop registered
[    1.075811] io scheduler deadline registered
[    1.077400] io scheduler cfq registered (default)
[    1.079066] ACPI: AC Adapter [AC] (on-line)
[    1.080291] input: Power Button as /devices/LNXSYSTM:00/LNXPWRBN:00/input/input0
[    1.082405] ACPI: Power Button [PWRF]
[    1.083555] input: Sleep Button as /devices/LNXSYSTM:00/LNXSLPBN:00/input/input1
[    1.085772] ACPI: Sleep Button [SLPF]
[    1.087321] Serial: 8250/16550 driver, 32 ports, IRQ sharing enabled
[    1.110382] 00:02: ttyS0 at I/O 0x3f8 (irq = 4, base_baud = 115200) is a 16550A
[    1.115604] Linux agpgart interface v0.103
[    1.117987] loop: module loaded
[    1.119968] scsi host0: ata_piix
[    1.121162] scsi host1: ata_piix
[    1.122168] ata1: PATA max UDMA/33 cmd 0x1f0 ctl 0x3f6 bmdma 0xd000 irq 14
[    1.123996] ata2: PATA max UDMA/33 cmd 0x170 ctl 0x376 bmdma 0xd008 irq 15
[    1.126653] libphy: Fixed MDIO Bus: probed
[    1.127967] tun: Universal TUN/TAP device driver, 1.6
[    1.129497] PPP generic driver version 2.4.2
[    1.130750] ehci_hcd: USB 2.0 'Enhanced' Host Controller (EHCI) Driver
[    1.132468] ehci-pci: EHCI PCI platform driver
[    1.133850] ehci-platform: EHCI generic platform driver
[    1.135226] ohci_hcd: USB 1.1 'Open' Host Controller (OHCI) Driver
[    1.136830] ohci-pci: OHCI PCI platform driver
[    1.138225] ohci-platform: OHCI generic platform driver
[    1.139688] uhci_hcd: USB Universal Host Controller Interface driver
[    1.141463] i8042: PNP: PS/2 Controller [PNP0303:PS2K,PNP0f03:PS2M] at 0x60,0x64 irq 1,12
[    1.145014] serio: i8042 KBD port at 0x60,0x64 irq 1
[    1.146500] serio: i8042 AUX port at 0x60,0x64 irq 12
[    1.148252] mousedev: PS/2 mouse device common for all mice
[    1.150179] input: AT Translated Set 2 keyboard as /devices/platform/i8042/serio0/input/input2
[    1.153217] rtc_cmos rtc_cmos: rtc core: registered rtc_cmos as rtc0
[    1.155051] rtc_cmos rtc_cmos: alarms up to one day, 114 bytes nvram
[    1.156786] i2c /dev entries driver
[    1.157945] device-mapper: uevent: version 1.0.3
[    1.159783] device-mapper: ioctl: 4.37.0-ioctl (2017-09-20) initialised: dm-devel@redhat.com
[    1.162281] ledtrig-cpu: registered to indicate activity on CPUs
[    1.164594] NET: Registered protocol family 10
[    1.170735] Segment Routing with IPv6
[    1.171864] NET: Registered protocol family 17
[    1.173258] Key type dns_resolver registered
[    1.174825] mce: Using 0 MCE banks
[    1.175940] RAS: Correctable Errors collector initialized.
[    1.178044] sched_clock: Marking stable (1177979474, 0)->(1475235894, -297256420)
[    1.181030] registered taskstats version 1
[    1.182209] Loading compiled-in X.509 certificates
[    1.186477] Loaded X.509 cert 'Build time autogenerated kernel key: 12f2d460e247d21dc5d156478bb7d4abc0f5a070'
[    1.189203] zswap: loaded using pool lzo/zbud
[    1.195343] Key type big_key registered
[    1.196637] Key type trusted registered
[    1.200231] Key type encrypted registered
[    1.201391] AppArmor: AppArmor sha1 policy hashing enabled
[    1.202867] ima: No TPM chip found, activating TPM-bypass! (rc=-19)
[    1.204593] ima: Allocated hash algorithm: sha1
[    1.205875] evm: HMAC attrs: 0x1
[    1.207229]   Magic number: 8:887:760
[    1.208476] rtc_cmos rtc_cmos: setting system clock to 2020-10-07 01:46:57 UTC (1602035217)
[    1.211732] BIOS EDD facility v0.16 2004-Jun-25, 0 devices found
[    1.213533] EDD information not available.
[    1.335979] Freeing unused kernel image memory: 2436K
[    1.850310] Write protecting the kernel read-only data: 20480k
[    1.864182] Freeing unused kernel image memory: 2008K
[    1.871528] Freeing unused kernel image memory: 1872K
[    1.919536] x86/mm: Checked W+X mappings: passed, no W+X pages found.
[    1.921530] x86/mm: Checking user space page tables
[    1.953782] x86/mm: Checked W+X mappings: passed, no W+X pages found.
Loading, please wait...
starting version 237
[    2.074997] Fusion MPT base driver 3.04.20
[    2.076421] Copyright (c) 1999-2008 LSI Corporation
[    2.101336] e1000: Intel(R) PRO/1000 Network Driver - version 7.3.21-k8-NAPI
[    2.103225] e1000: Copyright (c) 1999-2006 Intel Corporation.
[    2.118734] AVX2 version of gcm_enc/dec engaged.
[    2.120088] AES CTR mode by8 optimization enabled
[    2.141632] Fusion MPT SPI Host driver 3.04.20
[    2.314515] input: ImExPS/2 Generic Explorer Mouse as /devices/platform/i8042/serio1/input/input4
[    2.561120] e1000 0000:00:03.0 eth0: (PCI:33MHz:32-bit) 02:9d:c8:d0:97:b6
[    2.563188] e1000 0000:00:03.0 eth0: Intel(R) PRO/1000 Network Connection
[    2.567385] mptbase: ioc0: Initiating bringup
[    2.664490] ioc0: LSI53C1030 A0: Capabilities={Initiator}
[    2.911966] scsi host2: ioc0: LSI53C1030 A0, FwRev=00000000h, Ports=1, MaxQ=256, IRQ=20
[    3.099625] scsi 2:0:0:0: Direct-Access     VBOX     HARDDISK         1.0  PQ: 0 ANSI: 5
[    3.156271] scsi target2:0:0: Beginning Domain Validation
[    3.162348] scsi target2:0:0: Domain Validation skipping write tests
[    3.165030] scsi target2:0:0: Ending Domain Validation
[    3.167142] scsi target2:0:0: asynchronous
[    3.170483] scsi 2:0:1:0: Direct-Access     VBOX     HARDDISK         1.0  PQ: 0 ANSI: 5
[    3.513392] scsi target2:0:1: Beginning Domain Validation
[    3.516158] random: fast init done
[    3.517783] scsi target2:0:1: Domain Validation skipping write tests
[    3.520142] scsi target2:0:1: Ending Domain Validation
[    3.523759] scsi target2:0:1: asynchronous
[    3.542851] random: systemd-udevd: uninitialized urandom read (16 bytes read)
[    3.548913] sd 2:0:0:0: [sda] 20971520 512-byte logical blocks: (10.7 GB/10.0 GiB)
[    3.551595] sd 2:0:0:0: [sda] Write Protect is off
[    3.553384] sd 2:0:0:0: Attached scsi generic sg0 type 0
[    3.555339] sd 2:0:0:0: [sda] Incomplete mode parameter data
[    3.555449] e1000 0000:00:08.0 eth1: (PCI:33MHz:32-bit) 08:00:27:bc:9d:33
[    3.557181] sd 2:0:0:0: [sda] Assuming drive cache: write through
[    3.557310] random: systemd-udevd: uninitialized urandom read (16 bytes read)
[    3.559648] e1000 0000:00:08.0 eth1: Intel(R) PRO/1000 Network Connection
[    3.563046] sd 2:0:1:0: [sdb] 20480 512-byte logical blocks: (10.5 MB/10.0 MiB)
[    3.569330] random: systemd-udevd: uninitialized urandom read (16 bytes read)
[    3.569374] sd 2:0:1:0: Attached scsi generic sg1 type 0
[    3.573584] sd 2:0:1:0: [sdb] Write Protect is off
[    3.574835] e1000 0000:00:08.0 enp0s8: renamed from eth1
[    3.577596] sd 2:0:1:0: [sdb] Incomplete mode parameter data
[    3.582197] sd 2:0:1:0: [sdb] Assuming drive cache: write through
[    3.584191]  sda: sda1
[    3.586803] sd 2:0:0:0: [sda] Attached SCSI disk
[    3.594856] e1000 0000:00:03.0 enp0s3: renamed from eth0
[    3.604707] sd 2:0:1:0: [sdb] Attached SCSI disk
Begin: Loading essential drivers ... [    5.724278] raid6: sse2x1   gen()  3123 MB/s
[    5.772122] raid6: sse2x1   xor()  1931 MB/s
[    5.820488] raid6: sse2x2   gen()  7293 MB/s
[    5.868867] raid6: sse2x2   xor()  3332 MB/s
[    5.916218] raid6: sse2x4   gen()  7889 MB/s
[    5.964218] raid6: sse2x4   xor()  4604 MB/s
[    6.012150] raid6: avx2x1   gen()  6356 MB/s
[    6.060126] raid6: avx2x1   xor()  3423 MB/s
[    6.108441] raid6: avx2x2   gen() 12033 MB/s
[    6.156082] raid6: avx2x2   xor()  6524 MB/s
[    6.204171] raid6: avx2x4   gen() 15988 MB/s
[    6.252104] raid6: avx2x4   xor()  8716 MB/s
[    6.253501] raid6: using algorithm avx2x4 gen() 15988 MB/s
[    6.255080] raid6: .... xor() 8716 MB/s, rmw enabled
[    6.256611] raid6: using avx2x2 recovery algorithm
[    6.259823] xor: automatically using best checksumming function   avx       
[    6.264224] async_tx: api initialized (async)
done.
Begin: Running /scripts/init-premount ... done.
Begin: Mounting root file system ... Begin: Running /scripts/local-top ... done.
Begin: Running /scripts/local-premount ... [    6.344949] Btrfs loaded, crc32c=crc32c-intel
Scanning for Btrfs filesystems
done.
Warning: fsck not present, so skipping root file system
[    6.420998] EXT4-fs (sda1): mounted filesystem with ordered data mode. Opts: (null)
done.
Begin: Running /scripts/local-bottom ... done.
Begin: Running /scripts/init-bottom ... done.
[    7.800275] ip_tables: (C) 2000-2006 Netfilter Core Team
[    7.934684] systemd[1]: systemd 237 running in system mode. (+PAM +AUDIT +SELINUX +IMA +APPARMOR +SMACK +SYSVINIT +UTMP +LIBCRYPTSETUP +GCRYPT +GNUTLS +ACL +XZ +LZ4 +SECCOMP +BLKID +ELFUTILS +KMOD -IDN2 +IDN -PCRE2 default-hierarchy=hybrid)
[    7.961186] systemd[1]: Detected virtualization oracle.
[    7.964661] systemd[1]: Detected architecture x86-64.

Welcome to [1mUbuntu 18.04.5 LTS[0m!

[    8.017405] systemd[1]: Set hostname to <ubuntu-bionic>.
[    8.780793] random: crng init done
[    8.782317] random: 7 urandom warning(s) missed due to ratelimiting
[   10.252990] systemd[1]: Started Forward Password Requests to Wall Directory Watch.
[[0;32m  OK  [0m] Started Forward Password Requests to Wall Directory Watch.
[   10.336601] systemd[1]: Created slice User and Session Slice.
[[0;32m  OK  [0m] Created slice User and Session Slice.
[   10.339291] systemd[1]: Set up automount Arbitrary Executable File Formats File System Automount Point.
[[0;32m  OK  [0m] Set up automount Arbitrary Executabâ€¦rmats File System Automount Point.
[   10.483570] systemd[1]: Created slice System Slice.
[[0;32m  OK  [0m] Created slice System Slice.
[   11.124508] systemd[1]: Listening on udev Kernel Socket.
[[0;32m  OK  [0m] Listening on udev Kernel Socket.
[   11.126812] systemd[1]: Listening on udev Control Socket.
[[0;32m  OK  [0m] Listening on udev Control Socket.
[[0;32m  OK  [0m] Listening on LVM2 poll daemon socket.
[[0;32m  OK  [0m] Listening on Journal Socket.
         Starting Set the console keyboard layout...
[[0;32m  OK  [0m] Listening on Syslog Socket.
         Starting Uncomplicated firewall...
[[0;32m  OK  [0m] Listening on LVM2 metadata daemon socket.
         Mounting POSIX Message Queue File System...
[[0;32m  OK  [0m] Listening on /dev/initctl Compatibility Named Pipe.
[[0;32m  OK  [0m] Listening on Journal Socket (/dev/log).
         Starting udev Coldplug all Devices...
         Starting Load Kernel Modules...
[[0;32m  OK  [0m] Listening on Network Service Netlink Socket.
[[0;32m  OK  [0m] Reached target System Time Synchronized.
[[0;32m  OK  [0m] Reached target Slices.
[[0;32m  OK  [0m] Listening on Device-mapper event daemon FIFOs.
[[0;32m  OK  [0m] Created slice system-serial\x2dgetty.slice.
         Starting Monitoring of LVM2 mirrorsâ€¦ng dmeventd or progress polling...
         Starting Create list of required stâ€¦ce nodes for the current kernel...
         Mounting Kernel Debug File System...
[[0;32m  OK  [0m] Reached target User and Group Name Lookups.
[[0;32m  OK  [0m] Listening on Journal Audit Socket.
[[0;32m  OK  [0m] Reached target Swap.
         Starting Remount Root and Kernel File Systems...
         Mounting Huge Pages File System...
         Starting Journal Service...
[[0;32m  OK  [0m] Started Uncomplicated firewall.
[[0;32m  OK  [0m] Mounted POSIX Message Queue File System.
[[0;32m  OK  [0m] Mounted Kernel Debug File System.
[[0;32m  OK  [0m] Mounted Huge Pages File System.
[[0;32m  OK  [0m] Started udev Coldplug all Devices.
[[0;32m  OK  [0m] Started Create list of required staâ€¦vice nodes for the current kernel.
         Starting Create Static Device Nodes in /dev...
[   11.616985] Loading iSCSI transport class v2.0-870.
[[0;32m  OK  [0m] Started LVM2 metadata daemon.
[[0;32m  OK  [0m] Started Journal Service.
[   11.830347] iscsi: registered transport (tcp)
[   11.884287] EXT4-fs (sda1): re-mounted. Opts: (null)
[[0;32m  OK  [0m] Started Remount Root and Kernel File Systems.
         Starting Load/Save Random Seed...
[   11.987553] iscsi: registered transport (iser)
         Starting Flush Journal to Persistent Storage...
[[0;32m  OK  [0m] Started Set the console keyboard layout.
[[0;32m  OK  [0m] Started Load Kernel Modules.
         Mounting FUSE Control File System...
         Mounting Kernel Configuration File System...
         Starting Apply Kernel Variables...
[[0;32m  OK  [0m] Mounted FUSE Control File System.
[[0;32m  OK  [0m] Mounted Kernel Configuration File System.
[[0;32m  OK  [0m] Started Load/Save Random Seed.
[[0;32m  OK  [0m] Started Create Static Device Nodes in /dev.
         Starting udev Kernel Device Manager...
[   12.127158] systemd-journald[409]: Received request to flush runtime journal from PID 1
[[0;32m  OK  [0m] Started Monitoring of LVM2 mirrors,â€¦sing dmeventd or progress polling.
[[0;32m  OK  [0m] Reached target Local File Systems (Pre).
         Mounting /vagrant...
[[0;32m  OK  [0m] Reached target Local File Systems.
         Starting Tell Plymouth To Write Out Runtime Data...
         Starting ebtables ruleset management...
         Starting Set console font and keymap...
         Starting AppArmor initialization...
         Mounting /configs...
[[0;32m  OK  [0m] Started Apply Kernel Variables.
[   13.265923] BUG: unable to handle kernel NULL pointer dereference at 0000000000000008
[   13.270065] IP: VbglR0IdcCallRaw+0x6/0x20 [vboxsf]
[   13.270066] PGD 0 P4D 0 
[[0;32m  OK  [0m] Started Tell P[l  y 13.270070] Oops: 0000 [#1] SMP PTI
mouth To Write Out Runtime Data.
[   13.270071] Modules linked in: vboxsf(+) vboxguest sch_fq_codel ib_iser rdma_cm iw_cm ib_cm ib_core iscsi_tcp libiscsi_tcp libiscsi scsi_transport_iscsi ip_tables x_tables autofs4 btrfs zstd_compress raid10 raid456 async_raid6_recov async_memcpy async_pq async_xor async_tx xor raid6_pq libcrc32c raid1 raid0 multipath linear mptspi aesni_intel scsi_transport_spi mptscsih aes_x86_64 crypto_simd cryptd glue_helper psmouse mptbase e1000
[   13.285995] CPU: 0 PID: 442 Comm: mount.vboxsf Not tainted 4.15.0-118-generic #119-Ubuntu
[   13.285996] Hardware name: innotek GmbH VirtualBox/VirtualBox, BIOS VirtualBox 12/01/2006
[[0;32m  OK  [0m] Started Set console font and keymap.
[   13.286006] RIP: 0010:VbglR0IdcCallRaw+0x6/0x20 [vboxsf]
[   13.286008] RSP: 0018:ffffb26e80433c38 EFLAGS: 00010282
[   13.286010] RAX: 0000000000000068 RBX: 0000000000000068 RCX: 0000000000000068
[   13.286012] RDX: ffffb26e80433c70 RSI: 00000000c0685607 RDI: 0000000000000008
[   13.286014] RBP: ffffb26e80433c60 R08: ffff9633bfc26060 R09: ffff9633be003b00
[   13.286016] R10: 00000000001fffff R11: 0000000000000395 R12: 0000000000000000
[   13.286018] R13: ffffb26e80433c70 R14: ffff9633bcef1000 R15: ffff9633ba70bd10
[   13.286020] FS:  00007f0b045cd740(0000) GS:ffff9633bfc00000(0000) knlGS:0000000000000000
[   13.286022] CS:  0010 DS: 0000 ES: 0000 CR0: 0000000080050033
[   13.286024] CR2: 0000000000000008 CR3: 000000003cee6003 CR4: 00000000000606f0
[   13.286028] Call Trace:
[   13.286035]  ? VbglR0HGCMCallRaw+0x44/0xa0 [vboxsf]
[   13.286042]  VbglR0SfMapFolder+0xbf/0xf0 [vboxsf]
[   13.314763]  ? __kmalloc+0x190/0x210
[   13.315983]  sf_read_super_26+0x110/0x500 [vboxsf]
[   13.317446]  ? sget_userns+0x419/0x490
[   13.318628]  ? get_anon_bdev+0x100/0x100
[   13.319833]  ? sget+0x7d/0xa0
[   13.320874]  ? sf_evict_inode+0x60/0x60 [vboxsf]
[   13.322155]  mount_nodev+0x4f/0xa0
[   13.323192]  sf_mount+0x18/0x20 [vboxsf]
[   13.324332]  mount_fs+0x37/0x160
[   13.325352]  vfs_kern_mount.part.24+0x5d/0x110
[   13.326672]  do_mount+0x5ed/0xce0
[   13.327824]  ? kmem_cache_alloc_trace+0x15d/0x1d0
[   13.329195]  ? copy_mount_options+0x2c/0x220
[   13.330575]  SyS_mount+0x98/0xe0
[   13.331668]  do_syscall_64+0x73/0x130
[   13.332957]  entry_SYSCALL_64_after_hwframe+0x41/0xa6
[   13.334487] RIP: 0033:0x7f0b03ec357a
[   13.335592] RSP: 002b:00007fff4ea63658 EFLAGS: 00000246 ORIG_RAX: 00000000000000a5
[   13.337946] RAX: ffffffffffffffda RBX: 0000000000000001 RCX: 00007f0b03ec357a
[   13.339976] RDX: 00005637ff1aba43 RSI: 00007fff4ea65f71 RDI: 00007fff4ea65f68
[   13.341805] RBP: 00007fff4ea64890 R08: 00007fff4ea63710 R09: 0000000000000000
[   13.343612] R10: 0000000000000004 R11: 0000000000000246 R12: 00007fff4ea63710
[   13.345435] R13: 00007fff4ea65f68 R14: 0000000000000004 R15: 00007fff4ea636b0
[   13.347870] Code: fa ff 5d c3 90 0f 1f 44 00 00 55 48 8b 3f 48 89 f2 b9 20 00 00 00 be 3e 56 20 c0 48 89 e5 e8 42 11 fa ff 5d c3 0f 1f 44 00 00 55 <48> 8b 3f 89 c9 48 89 e5 e8 2d 11 fa ff 5d c3 66 2e 0f 1f 84 00 
[   13.353784] RIP: VbglR0IdcCallRaw+0x6/0x20 [vboxsf] RSP: ffffb26e80433c38
[   13.355865] CR2: 0000000000000008
[   13.357442] ---[ end trace 4f7b517a979b632e ]---
[   13.357450] vboxsf: Successfully loaded version 5.2.8_KernelUbuntu (interface 0x00010004)
[[0;1;31mFAILED[0m] Failed to mount /configs.
[   13.364356] sf_read_super_aux err=-71
See 'systemctl status configs.mount' for details.
[[0;32m  OK  [0m] Mounted /vagrant.
[[0;32m  OK  [0m] Started udev Kernel Device Manager.
[[0;32m  OK  [0m] Started Dispatch Password Requests to Console Directory Watch.
[[0;32m  OK  [0m] Reached target Local Encrypted Volumes.
[[0;32m  OK  [0m] Started Flush Journal to Persistent Storage.
         Starting Create Volatile Files and Directories...
[[0;32m  OK  [0m] Found device /dev/ttyS0.
[   14.270977] ACPI: Video Device [GFX0] (multi-head: yes  rom: no  post: no)
[   14.273081] input: Video Bus as /devices/LNXSYSTM:00/LNXSYBUS:00/PNP0A03:00/LNXVIDEO:00/input/input6
[[0;32m  OK  [0m] Started ebtables ruleset management.
[[0;32m  OK  [0m] Started Create Volatile Files and Directories.
         Starting Update UTMP about System Boot/Shutdown...
[[0;32m  OK  [0m] Listening on Load/Save RF Kill Switch Status /dev/rfkill Watch.
[[0;32m  OK  [0m] Started Update UTMP about System Boot/Shutdown.
[   15.143109] audit: type=1400 audit(1602035231.428:2): apparmor="STATUS" operation="profile_load" profile="unconfined" name="/sbin/dhclient" pid=552 comm="apparmor_parser"
[   15.147840] audit: type=1400 audit(1602035231.428:3): apparmor="STATUS" operation="profile_load" profile="unconfined" name="/usr/lib/NetworkManager/nm-dhcp-client.action" pid=552 comm="apparmor_parser"
[   15.152633] audit: type=1400 audit(1602035231.428:4): apparmor="STATUS" operation="profile_load" profile="unconfined" name="/usr/lib/NetworkManager/nm-dhcp-helper" pid=552 comm="apparmor_parser"
[   15.157090] audit: type=1400 audit(1602035231.428:5): apparmor="STATUS" operation="profile_load" profile="unconfined" name="/usr/lib/connman/scripts/dhclient-script" pid=552 comm="apparmor_parser"
[   15.175180] audit: type=1400 audit(1602035231.464:6): apparmor="STATUS" operation="profile_load" profile="unconfined" name="lxc-container-default" pid=551 comm="apparmor_parser"
[   15.180613] audit: type=1400 audit(1602035231.464:7): apparmor="STATUS" operation="profile_load" profile="unconfined" name="lxc-container-default-cgns" pid=551 comm="apparmor_parser"
[   15.189694] audit: type=1400 audit(1602035231.464:8): apparmor="STATUS" operation="profile_load" profile="unconfined" name="lxc-container-default-with-mounting" pid=551 comm="apparmor_parser"
[   15.194339] audit: type=1400 audit(1602035231.464:9): apparmor="STATUS" operation="profile_load" profile="unconfined" name="lxc-container-default-with-nesting" pid=551 comm="apparmor_parser"
[   15.199848] audit: type=1400 audit(1602035231.464:10): apparmor="STATUS" operation="profile_load" profile="unconfined" name="/usr/bin/lxc-start" pid=555 comm="apparmor_parser"
[   15.221755] audit: type=1400 audit(1602035231.508:11): apparmor="STATUS" operation="profile_load" profile="unconfined" name="/usr/lib/snapd/snap-confine" pid=557 comm="apparmor_parser"
[[0;32m  OK  [0m] Started AppArmor initialization.
         Starting Load AppArmor profiles managed internally by snapd...
         Starting Initial cloud-init job (pre-networking)...
[[0;32m  OK  [0m] Started Load AppArmor profiles managed internally by snapd.
[   20.690319] ISO 9660 Extensions: Microsoft Joliet Level 3
[   20.704246] ISO 9660 Extensions: RRIP_1991A
[   21.289967] cloud-init[561]: Cloud-init v. 20.3-2-g371b392c-0ubuntu1~18.04.1 running 'init-local' at Wed, 07 Oct 2020 01:47:16 +0000. Up 20.41 seconds.
[[0;32m  OK  [0m] Started Initial cloud-init job (pre-networking).
[[0;32m  OK  [0m] Reached target Network (Pre).
         Starting Network Service...
[[0;32m  OK  [0m] Started Network Service.
         Starting Network Name Resolution...
         Starting Wait for Network to be Configured...
[   21.590988] IPv6: ADDRCONF(NETDEV_UP): enp0s8: link is not ready
[   21.596927] e1000: enp0s8 NIC Link is Up 1000 Mbps Full Duplex, Flow Control: RX
[   21.602255] IPv6: ADDRCONF(NETDEV_CHANGE): enp0s8: link becomes ready
[   21.612060] IPv6: ADDRCONF(NETDEV_UP): enp0s3: link is not ready
[   21.612631] e1000: enp0s3 NIC Link is Up 1000 Mbps Full Duplex, Flow Control: RX
[   21.622569] IPv6: ADDRCONF(NETDEV_CHANGE): enp0s3: link becomes ready
[[0;32m  OK  [0m] Started Network Name Resolution.
[[0;32m  OK  [0m] Reached target Network.
[[0;32m  OK  [0m] Reached target Host and Network Name Lookups.
[[0;32m  OK  [0m] Started Wait for Network to be Configured.
         Starting Initial cloud-init job (metadata service crawler)...
[   24.605748] cloud-init[686]: Cloud-init v. 20.3-2-g371b392c-0ubuntu1~18.04.1 running 'init' at Wed, 07 Oct 2020 01:47:20 +0000. Up 24.26 seconds.
[   24.607831] cloud-init[686]: ci-info: ++++++++++++++++++++++++++++++++++++++Net device info+++++++++++++++++++++++++++++++++++++++
[   24.609648] cloud-init[686]: ci-info: +--------+------+-----------------------------+---------------+--------+-------------------+
[   24.611264] cloud-init[686]: ci-info: | Device |  Up  |           Address           |      Mask     | Scope  |     Hw-Address    |
[   24.613066] cloud-init[686]: ci-info: +--------+------+-----------------------------+---------------+--------+-------------------+
[   24.615035] cloud-init[686]: ci-info: | enp0s3 | True |          10.0.2.15          | 255.255.255.0 | global | 02:9d:c8:d0:97:b6 |
[   24.628807] cloud-init[686]: ci-info: | enp0s3 | True |  fe80::9d:c8ff:fed0:97b6/64 |       .       |  link  | 02:9d:c8:d0:97:b6 |
[   24.630445] cloud-init[686]: ci-info: | enp0s8 | True |         192.168.50.4        | 255.255.255.0 | global | 08:00:27:bc:9d:33 |
[   24.632284] cloud-init[686]: ci-info: | enp0s8 | True | fe80::a00:27ff:febc:9d33/64 |       .       |  link  | 08:00:27:bc:9d:33 |
[   24.634566] cloud-init[686]: ci-info: |   lo   | True |          127.0.0.1          |   255.0.0.0   |  host  |         .         |
[   24.636624] cloud-init[686]: ci-info: |   lo   | True |           ::1/128           |       .       |  host  |         .         |
[   24.638624] cloud-init[686]: ci-info: +--------+------+-----------------------------+---------------+--------+-------------------+
[   24.640606] cloud-init[686]: ci-info: +++++++++++++++++++++++++++++Route IPv4 info+++++++++++++++++++++++++++++
[   24.642302] cloud-init[686]: ci-info: +-------+--------------+----------+-----------------+-----------+-------+
[   24.644045] cloud-init[686]: ci-info: | Route | Destination  | Gateway  |     Genmask     | Interface | Flags |
[   24.645777] cloud-init[686]: ci-info: +-------+--------------+----------+-----------------+-----------+-------+
[   24.647555] cloud-init[686]: ci-info: |   0   |   0.0.0.0    | 10.0.2.2 |     0.0.0.0     |   enp0s3  |   UG  |
[   24.649324] cloud-init[686]: ci-info: |   1   |   10.0.2.0   | 0.0.0.0  |  255.255.255.0  |   enp0s3  |   U   |
[   24.651263] cloud-init[686]: ci-info: |   2   |   10.0.2.2   | 0.0.0.0  | 255.255.255.255 |   enp0s3  |   UH  |
[   24.653128] cloud-init[686]: ci-info: |   3   | 192.168.50.0 | 0.0.0.0  |  255.255.255.0  |   enp0s8  |   U   |
[   24.655058] cloud-init[686]: ci-info: +-------+--------------+----------+-----------------+-----------+-------+
[   24.656791] cloud-init[686]: ci-info: +++++++++++++++++++Route IPv6 info+++++++++++++++++++
[   24.658322] cloud-init[686]: ci-info: +-------+-------------+---------+-----------+-------+
[   24.659871] cloud-init[686]: ci-info: | Route | Destination | Gateway | Interface | Flags |
[   24.661367] cloud-init[686]: ci-info: +-------+-------------+---------+-----------+-------+
[   24.662821] cloud-init[686]: ci-info: |   1   |  fe80::/64  |    ::   |   enp0s8  |   U   |
[   24.664633] cloud-init[686]: ci-info: |   2   |  fe80::/64  |    ::   |   enp0s3  |   U   |
[   24.666095] cloud-init[686]: ci-info: |   4   |    local    |    ::   |   enp0s3  |   U   |
[   24.667628] cloud-init[686]: ci-info: |   5   |    local    |    ::   |   enp0s8  |   U   |
[   24.669206] cloud-init[686]: ci-info: |   6   |   ff00::/8  |    ::   |   enp0s8  |   U   |
[   24.670645] cloud-init[686]: ci-info: |   7   |   ff00::/8  |    ::   |   enp0s3  |   U   |
[   24.672073] cloud-init[686]: ci-info: +-------+-------------+---------+-----------+-------+
[[0;32m  OK  [0m] Started Initial cloud-init job (metadata service crawler).
[[0;32m  OK  [0m] Reached target System Initialization.
[[0;32m  OK  [0m] Started Daily apt download activities.
         Starting LXD - unix socket.
[[0;32m  OK  [0m] Listening on UUID daemon activation socket.
         Starting Socket activation for snappy daemon.
[[0;32m  OK  [0m] Started Message of the Day.
[[0;32m  OK  [0m] Listening on D-Bus System Message Bus Socket.
[[0;32m  OK  [0m] Started Daily apt upgrade and clean activities.
[[0;32m  OK  [0m] Started ACPI Events Check.
[[0;32m  OK  [0m] Reached target Paths.
[[0;32m  OK  [0m] Started Daily Cleanup of Temporary Directories.
[[0;32m  OK  [0m] Started Discard unused blocks once a week.
[[0;32m  OK  [0m] Reached target Timers.
[[0;32m  OK  [0m] Listening on ACPID Listen Socket.
[[0;32m  OK  [0m] Listening on Open-iSCSI iscsid Socket.
[[0;32m  OK  [0m] Reached target Network is Online.
[[0;32m  OK  [0m] Reached target Remote File Systems (Pre).
[[0;32m  OK  [0m] Reached target Remote File Systems.
         Starting Availability of block devices...
[[0;32m  OK  [0m] Reached target Cloud-config availability.
[[0;32m  OK  [0m] Listening on LXD - unix socket.
[[0;32m  OK  [0m] Listening on Socket activation for snappy daemon.
[[0;32m  OK  [0m] Reached target Sockets.
[[0;32m  OK  [0m] Reached target Basic System.
         Starting Dispatcher daemon for systemd-networkd...
         Starting System Logging Service...
         Starting Virtualbox guest utils...
[[0;32m  OK  [0m] Started irqbalance daemon.
         Starting LSB: Record successful boot for GRUB...
         Starting LXD - container startup/shutdown...
[[0;32m  OK  [0m] Started Deferred execution scheduler.
         Starting Login Service...
[[0;32m  OK  [0m] Started D-Bus System Message Bus.
         Starting Accounts Service...
         Starting OpenBSD Secure Shell server...
[[0;32m  OK  [0m] Started Regular background program processing daemon.
         Starting Permit User Sessions...
[[0;32m  OK  [0m] Started FUSE filesystem for LXC.
         Starting Snap Daemon...
         Starting LSB: automatic crash report generation...
[[0;32m  OK  [0m] Started System Logging Service.
[[0;32m  OK  [0m] Started Dispatcher daemon for systemd-networkd.
[[0;32m  OK  [0m] Started Availability of block devices.
[[0;32m  OK  [0m] Started Permit User Sessions.
[[0;32m  OK  [0m] Started Login Service.
[[0;32m  OK  [0m] Started Unattended Upgrades Shutdown.
         Starting Terminate Plymouth Boot Screen...
         Starting Hold until boot process finishes up...
[[0;32m  OK  [0m] Started Hold until boot process finishes up.
         Starting Set console scheme...
[[0;32m  OK  [0m] Started Serial Getty on ttyS0.
[[0;32m  OK  [0m] Started Terminate Plymouth Boot Screen.
[   27.705212] new mount options do not match the existing superblock, will be ignored
[[0;32m  OK  [0m] Started Set console scheme.
[[0;32m  OK  [0m] Created slice system-getty.slice.
[[0;32m  OK  [0m] Started Getty on tty1.
[[0;32m  OK  [0m] Reached target Login Prompts.
         Starting Authorization Manager...
[[0;32m  OK  [0m] Started LSB: automatic crash report generation.
[[0;32m  OK  [0m] Started LSB: Record successful boot for GRUB.
[[0;32m  OK  [0m] Started Authorization Manager.
[[0;32m  OK  [0m] Started Accounts Service.
[   29.187268] VBoxService 5.2.42_Ubuntu r137960 (verbosity: 0) linux.amd64 (Jun  5 2020 08:26:08) release log
[   29.187268] 00:00:00.000098 main     Log opened 2020-10-07T01:47:25.478734000Z
[   29.193031] 00:00:00.005903 main     OS Product: Linux
[   29.194641] 00:00:00.007521 main     OS Release: 4.15.0-118-generic
[   29.196741] 00:00:00.009619 main     OS Version: #119-Ubuntu SMP Tue Sep 8 12:30:01 UTC 2020
[   29.199269] 00:00:00.012138 main     Executable: /usr/sbin/VBoxService
[   29.199269] 00:00:00.012140 main     Process ID: 1081
[   29.199269] 00:00:00.012141 main     Package type: LINUX_64BITS_GENERIC (OSE)
[   29.208874] 00:00:00.021712 main     5.2.42_Ubuntu r137960 started. Verbose level = 0
[[0;32m  OK  [0m] Started Virtualbox guest utils.
[[0;32m  OK  [0m] Started OpenBSD Secure Shell server.
[[0;32m  OK  [0m] Started LXD - container startup/shutdown.
[[0;32m  OK  [0m] Created slice User Slice of vagrant.
[[0;32m  OK  [0m] Started Session 1 of user vagrant.
         Starting User Manager for UID 1000...
[[0;32m  OK  [0m] Started Snap Daemon.
         Starting Wait until snapd is fully seeded...
[[0;32m  OK  [0m] Started Wait until snapd is fully seeded.
         Starting Apply the settings specified in cloud-config...
[[0;32m  OK  [0m] Reached target Multi-User System.
[[0;32m  OK  [0m] Reached target Graphical Interface.
         Starting Update UTMP about System Runlevel Changes...
[[0;32m  OK  [0m] Started Update UTMP about System Runlevel Changes.
[[0;32m  OK  [0m] Started User Manager for UID 1000.
[   32.112596] cloud-init[1214]: Cloud-init v. 20.3-2-g371b392c-0ubuntu1~18.04.1 running 'modules:config' at Wed, 07 Oct 2020 01:47:28 +0000. Up 31.88 seconds.
[[0;32m  OK  [0m] Started Apply the settings specified in cloud-config.
         Starting Execute cloud user/final scripts...
[   33.140805] cloud-init[1290]: Cloud-init v. 20.3-2-g371b392c-0ubuntu1~18.04.1 running 'modules:final' at Wed, 07 Oct 2020 01:47:29 +0000. Up 32.91 seconds.
[   33.143021] cloud-init[1290]: Cloud-init v. 20.3-2-g371b392c-0ubuntu1~18.04.1 finished at Wed, 07 Oct 2020 01:47:29 +0000. Datasource DataSourceNoCloud [seed=/dev/sdb][dsmode=net].  Up 33.12 seconds

Ubuntu 18.04.5 LTS ubuntu-bionic ttyS0

ubuntu-bionic login: [[0;32m  OK  [0m] Stopped target Cloud-init target.
[[0;32m  OK  [0m] Stopped target Graphical Interface.
         Stopping Accounts Service...
         Stopping Authorization Manager...
[[0;32m  OK  [0m] Closed Load/Save RF Kill Switch Status /dev/rfkill Watch.
[[0;32m  OK  [0m] Stopped target Timers.
[[0;32m  OK  [0m] Stopped Message of the Day.
[[0;32m  OK  [0m] Stopped Discard unused blocks once a week.
         Stopping Session 7 of user vagrant.
[[0;32m  OK  [0m] Stopped target Host and Network Name Lookups.
[[0;32m  OK  [0m] Stopped Execute cloud user/final scripts.
[[0;32m  OK  [0m] Stopped target Multi-User System.
         Stopping Regular background program processing daemon...
         Stopping Virtualbox guest utils...
         Stopping FUSE filesystem for LXC...
         Stopping Deferred execution scheduler...
         Stopping irqbalance daemon...
         Stopping LXD - container startup/shutdown...
         Stopping Dispatcher daemon for systemd-networkd...
         Stopping OpenBSD Secure Shell server...
         Stopping D-Bus System Message Bus...
[[0;32m  OK  [0m] Stopped Apply the settings specified in cloud-config.
[[0;32m  OK  [0m] Stopped target Cloud-config availability.
[[0;32m  OK  [0m] Stopped target Network is Online.
         Unmounting /configs...
         Stopping System Logging Service...
         Stopping Availability of block devices...
[[0;32m  OK  [0m] Stopped Daily Cleanup of Temporary Directories.
         Stopping User Manager for UID 1000...
[[0;32m  OK  [0m] Stopped Daily apt upgrade and clean activities.
[[0;32m  OK  [0m] Stopped Daily apt download activities.
[[0;32m  OK  [0m] Stopped target System Time Synchronized.
[[0;32m  OK  [0m] Stopped Wait until snapd is fully seeded.
         Stopping LSB: Record successful boot for GRUB...
         Stopping LSB: automatic crash report generation...
[[0;32m  OK  [0m] Stopped target Login Prompts.
         Stopping Serial Getty on ttyS0...
         Stopping Getty on tty1...
         Unmounting /vagrant...
[[0;32m  OK  [0m] Unmounted /var/lib/lxcfs.
[[0;32m  OK  [0m] Stopped Dispatcher daemon for systemd-networkd.
[[0;32m  OK  [0m] Stopped System Logging Service.
[[0;32m  OK  [0m] Stopped irqbalance daemon.
[[0;32m  OK  [0m] Stopped Deferred execution scheduler.
[[0;32m  OK  [0m] Stopped Accounts Service.
[[0;32m  OK  [0m] Stopped Regular background program processing daemon.
[[0;32m  OK  [0m] Stopped Serial Getty on ttyS0.
[[0;32m  OK  [0m] Stopped Getty on tty1.
[[0;32m  OK  [0m] Stopped Authorization Manager.
[[0;32m  OK  [0m] Stopped OpenBSD Secure Shell server.
[[0;32m  OK  [0m] Stopped User Manager for UID 1000.
[[0;32m  OK  [0m] Stopped D-Bus System Message Bus.
[[0;32m  OK  [0m] Unmounted /configs.
[[0;32m  OK  [0m] Stopped Session 7 of user vagrant.
[[0;32m  OK  [0m] Unmounted /vagrant.
[[0;32m  OK  [0m] Removed slice User Slice of vagrant.
         Stopping Login Service...
[[0;32m  OK  [0m] Removed slice system-getty.slice.
         Stopping Permit User Sessions...
[[0;32m  OK  [0m] Removed slice system-serial\x2dgetty.slice.
[[0;32m  OK  [0m] Stopped LSB: Record successful boot for GRUB.
[[0;32m  OK  [0m] Stopped Permit User Sessions.
[[0;32m  OK  [0m] Stopped target Network.
         Stopping Network Name Resolution...
[[0;32m  OK  [0m] Stopped Network Name Resolution.
         Stopping Network Service...
[[0;32m  OK  [0m] Stopped Login Service.
[[0;32m  OK  [0m] Stopped target User and Group Name Lookups.
[[0;32m  OK  [0m] Stopped LXD - container startup/shutdown.
[[0;32m  OK  [0m] Stopped Network Service.
[[0;32m  OK  [0m] Stopped target Network (Pre).
[[0;32m  OK  [0m] Stopped FUSE filesystem for LXC.
[[0;32m  OK  [0m] Stopped LSB: automatic crash report generation.
[[0;32m  OK  [0m] Stopped target Remote File Systems.
[[0;32m  OK  [0m] Stopped target Remote File Systems (Pre).
[  590.430244] 00:09:21.523451 control  Guest control service stopped
[[0;32m  OK  [0m] Stopped Virtualbox guest utils.
[[0;32m  OK  [0m] Stopped target Basic System.
[[0;32m  OK  [0m] Stopped target Sockets.
[[0;32m  OK  [0m] Closed D-Bus System Message Bus Socket.
[[0;32m  OK  [0m] Closed Open-iSCSI iscsid Socket.
[[0;32m  OK  [0m] Closed LXD - unix socket.
[[0;32m  OK  [0m] Closed ACPID Listen Socket.
[[0;32m  OK  [0m] Closed Socket activation for snappy daemon.
[[0;32m  OK  [0m] Closed Syslog Socket.
[[0;32m  OK  [0m] Closed UUID daemon activation socket.
[[0;32m  OK  [0m] Stopped target Paths.
[  590.463937] 00:09:21.557165 control  Guest control worker returned with rc=VINF_SUCCESS
[  590.465989] 00:09:21.559251 main     Session 0 is about to close ...
[  590.467778] 00:09:21.561040 main     Stopping all guest processes ...
[  590.469501] 00:09:21.562765 main     Closing all guest files ...
[[0;32m  OK  [0m] Stopped ACPI Events Check.
[[0;32m  OK  [0m] Stopped target System Initialization.
[[0;32m  OK  [0m] Stopped Initial cloud-init job (metadata service crawler).
[  590.478003] 00:09:21.571254 main     Ended.
[[0;32m  OK  [0m] Stopped Apply Kernel Variables.
         Stopping Load/Save Random Seed...
[[0;32m  OK  [0m] Stopped Load Kernel Modules.
[[0;32m  OK  [0m] Stopped target Local Encrypted Volumes.
[[0;32m  OK  [0m] Stopped Dispatch Password Requests to Console Directory Watch.
[[0;32m  OK  [0m] Stopped Forward Password Requests to Wall Directory Watch.
[[0;32m  OK  [0m] Stopped Initial cloud-init job (pre-networking).
         Stopping Update UTMP about System Boot/Shutdown...
[[0;32m  OK  [0m] Stopped target Slices.
[[0;32m  OK  [0m] Removed slice User and Session Slice.
[[0;32m  OK  [0m] Stopped Availability of block devices.
[[0;32m  OK  [0m] Stopped Load/Save Random Seed.
[[0;32m  OK  [0m] Stopped Update UTMP about System Boot/Shutdown.
[[0;32m  OK  [0m] Stopped Create Volatile Files and Directories.
[[0;32m  OK  [0m] Stopped target Local File Systems.
         Unmounting /run/user/1000...
[[0;32m  OK  [0m] Unmounted /run/user/1000.
[[0;32m  OK  [0m] Reached target Unmount All Filesystems.
[[0;32m  OK  [0m] Stopped target Local File Systems (Pre).
[[0;32m  OK  [0m] Stopped Remount Root and Kernel File Systems.
[[0;32m  OK  [0m] Stopped Create Static Device Nodes in /dev.
         Stopping Monitoring of LVM2 mirrorsâ€¦ng dmeventd or progress polling...
[[0;32m  OK  [0m] Stopped target Swap.
[[0;32m  OK  [0m] Reached target Shutdown.
[[0;32m  OK  [0m] Reached target Final Step.
         Starting Power-Off...
[  590.662908] systemd-shutdow: 34 output lines suppressed due to ratelimiting
[  590.766180] systemd-shutdown[1]: Syncing filesystems and block devices.
[  620.764606] systemd-shutdown[1]: Syncing filesystems and block devices - timed out, issuing SIGKILL to PID 2376.
[  620.776822] systemd-shutdown[1]: Sending SIGTERM to remaining processes...
[  620.800870] systemd-journald[409]: Received SIGTERM from PID 1 (systemd-shutdow).
